<?xml version="1.0" encoding="UTF-8"?>
<testsuites name="jest tests" tests="4" failures="0" errors="0" time="1.586">
  <testsuite name="LoginScreen Component" errors="0" failures="0" skipped="0" timestamp="2024-11-28T07:19:00" time="1.105" tests="3">
    <testcase classname="LoginScreen Component muestra un error si los campos están vacíos" name="LoginScreen Component muestra un error si los campos están vacíos" time="0.448">
    </testcase>
    <testcase classname="LoginScreen Component muestra un mensaje de bienvenida al iniciar sesión" name="LoginScreen Component muestra un mensaje de bienvenida al iniciar sesión" time="0.022">
    </testcase>
    <testcase classname="LoginScreen Component renderiza correctamente el formulario" name="LoginScreen Component renderiza correctamente el formulario" time="0.009">
    </testcase>
  </testsuite>
  <testsuite name="App Component" errors="0" failures="0" skipped="0" timestamp="2024-11-28T07:19:00" time="1.107" tests="1">
    <testcase classname="App Component renderiza correctamente" name="App Component renderiza correctamente" time="0.47">
    </testcase>
  </testsuite>
</testsuites>